INFO gLAB version v5.5.1, built on Jun 15 2021 22:39:00
INFO Show satellite information mode
INFO OC Product 1: RINEX navigation message input file: /home/spanikp/Documents/ST3_PhD/Cooperation/202011_Touch4IT/Calculation/LoadingMultiGNSSephemeris/Beidou/FFMJ00DEU_R_20210790100_01H_MN.rnx
INFO INFO MODELLING Check transmission time of navigation message is behind current epoch: ON
INFO INFO MODELLING Use satellite 'SV Health' flag of navigation message: OFF
INFO MODELLING Clock correction computation:    OFF
INFO OUTPUT Satellite Velocity:     ITRF
INFO WARNING: StartTime day (44257) is more than 10 days before of the EndTime day (59293). Only the last 10 days will be shown
INFO StartTime: 2021 069 82800.00    EndTime: 2021 079 21600.00    IntervalTime:   300.00
SATPVT 2021 079     0.00 GPS 11  24687300.6689   9240591.6066    -30423.1907      -116.1000       447.0216     -3092.6824          0.000000
SATPVT 2021 079   300.00 GPS  1  20997156.6650  12520764.9668  10554656.5936       799.0562      1115.6307     -2813.0548          0.000000
SATPVT 2021 079   300.00 GPS  3  14653306.6756   3376223.5064  21810610.9695      -800.2951      2669.1634       134.5981          0.000000
SATPVT 2021 079   300.00 GPS  4  24259629.9148   2745480.2199  10532963.5771     -1263.1187       495.2058      2776.1852          0.000000
SATPVT 2021 079   300.00 GPS  6    625827.4998 -18236476.8690  19342777.5734      1738.1238      1713.5599      1570.0227          0.000000
SATPVT 2021 079   300.00 GPS  9  25783854.3089  -6423008.9707     -8925.7628        67.6390       295.8343      3157.8850          0.000000
SATPVT 2021 079   300.00 GPS 11  24637071.6892   9368818.5479   -957895.5013      -218.9515       408.4876     -3089.4587          0.000000
SATPVT 2021 079   300.00 GPS 12 -12636869.5107  -8123498.7459  21663841.2199      1030.2042     -2609.8440      -358.6305          0.000000
SATPVT 2021 079   300.00 GPS 17  16823863.6497 -13564802.5827  15865902.9506      1928.0959      -187.1845     -2266.2728          0.000000
SATPVT 2021 079   300.00 GPS 19   9027106.1556 -14568393.0554  19978763.9603      2590.2860      -216.9880     -1319.4864          0.000000
SATPVT 2021 079   300.00 GPS 21  21282971.9296  15991066.3884   3876922.6823       124.1808       450.8437     -3087.1564          0.000000
SATPVT 2021 079   300.00 GPS 22  12267849.4453  13168702.4056  19782133.3633      -618.3559      2399.1766     -1207.8971          0.000000
SATPVT 2021 079   300.00 GPS 31   1125538.0728  19768054.4848  17394592.9424     -1642.3386     -1542.8309      1896.5201          0.000000
SATPVT 2021 079   300.00 GAL  9   3567967.4811  16883262.2403  24056908.8041     -2181.5083      1027.1027      -396.1933          0.000000
SATPVT 2021 079   300.00 GAL 15   6914391.8190 -14752284.1653  24723046.6149      2035.2212      1419.7788       279.0314          0.000000
SATPVT 2021 079   300.00 GAL 18  17598268.7189 -11892576.8716  11105338.0703      2305.0179       336.2579     -2515.6382          0.000000
SATPVT 2021 079   300.00 GAL 36  25147762.1347  15444749.8119   2393578.6044       287.5152         4.8835     -3061.8282          0.000000
SATPVT 2021 079   300.00 GEO 23 35944600000.0000 22044140000.0000         0.0000         0.0000         0.0000         0.0000          0.000000
SATPVT 2021 079   300.00 GEO 36 42003688000.0000 3674846960.0000         0.0000         0.0000         0.0000         0.0000          0.000000
SATPVT 2021 079   300.00 BDS  5  21956466.0277  36021372.7273    144448.7786         2.4586        -3.5368       -71.7823          0.000000
SATPVT 2021 079   300.00 BDS  6 -18714266.3855  21909259.3551  31072759.5972     -1133.1323       512.3017     -1083.4842          0.000000
SATPVT 2021 079   300.00 BDS  9  -2038724.1333  24526607.5220  34514114.5658     -1260.3494       -85.6848       -35.1538          0.000000
SATPVT 2021 079   300.00 BDS 11  -1477370.5011 -15626432.6064  23138960.2676      2590.0172       436.3300       458.2867          0.000000
SATPVT 2021 079   300.00 BDS 12  18154030.7499  -9687414.1872  18880256.4130      2118.6471       358.6560     -1857.6402          0.000000
SATPVT 2021 079   300.00 BDS 16 -14424269.4188  22551707.7685  32628304.7256     -1238.1393       417.4375      -849.4385          0.000000
SATPVT 2021 079   300.00 BDS 19   2367597.4808  19396073.8200  19959851.3407     -1444.1583      1756.9938     -1536.7740          0.000000
SATPVT 2021 079   300.00 BDS 21  21167565.4807 -14195164.1702  11362791.8342      -719.3078      1082.7332      2699.6591          0.000000
SATPVT 2021 079   300.00 BDS 22  16667840.1633   3572299.0627  22096809.2005     -1532.9133      2004.4210       835.0643          0.000000
SATPVT 2021 079   300.00 BDS 34   8564990.8590 -14489967.8090  22255713.5197      2519.7805       348.4891      -739.9105          0.000000
SATPVT 2021 079   300.00 BDS 35  26220338.4606   7523996.4781  -5987235.8870      -691.7396        26.0706     -2994.5522          0.000000
SATPVT 2021 079   300.00 BDS 36  10086449.9768  26017632.9509    154237.2602      -154.1208        43.7112      3077.4271          0.000000
SATPVT 2021 079   300.00 BDS 37 -15287249.6746   5400873.4918  22724395.8795      -946.0299     -2417.1488       -60.1432          0.000000
SATPVT 2021 079   300.00 BDS 39 -12566120.9016  23484298.2945  32673427.0278     -1218.3665       495.8729      -831.7823          0.000000
SATPVT 2021 079   300.00 BDS 44  24952075.0280  -4910672.7726  11529327.4040      1292.4470       275.4147     -2674.7892          0.000000
SATPVT 2021 079   300.00 BDS 46  -3268492.8959  22636053.7844  15964633.3722      -765.1143     -1661.6929      2202.8100          0.000000
SATPVT 2021 079   300.00 QZS 10   7288948.0902  41182232.9419  -5424443.0472       -24.2153         3.0385        -6.3426          0.000000
SATPVT 2021 079   600.00 GPS  1  21229018.6170  12841352.1618   9700983.8970       745.8523      1021.7704     -2877.1814          0.000000
SATPVT 2021 079   600.00 GPS  3  14420204.7150   4179481.0981  21829941.8027      -753.4110      2684.8993        -5.7393          0.000000
SATPVT 2021 079   600.00 GPS  4  23866787.5579   2900536.3781  11355503.5798     -1355.1994       539.0499      2706.5423          0.000000
SATPVT 2021 079   600.00 GPS  6   1157958.5926 -17721066.4023  19795186.5073      1809.0529      1721.5783      1445.5634          0.000000
SATPVT 2021 079   600.00 GPS  9  25787662.3145  -6329878.6768    938146.2491       -42.0432       325.7616      3154.9218          0.000000
SATPVT 2021 079   600.00 GPS 11  24555831.1022   9486087.0907  -1883495.4195      -322.7885       373.9827     -3080.2055          0.000000
SATPVT 2021 079   600.00 GPS 12 -12335677.0692  -8906900.1714  21535086.8354       977.4763     -2611.8093      -499.5786          0.000000
SATPVT 2021 079   600.00 GPS 17  17389246.8828 -13624024.1087  15171458.2855      1840.5247      -206.9237     -2362.6595          0.000000
SATPVT 2021 079   600.00 GPS 19   9795772.1818 -14639512.6488  19563403.5012      2533.2322      -256.6717     -1449.1236          0.000000
SATPVT 2021 079   600.00 GPS 21  21308473.9258  16114725.3663   2947485.0769        45.1947       373.9878     -3108.1506          0.000000
SATPVT 2021 079   600.00 GPS 22  12089487.0161  13883047.5997  19401330.7514      -570.8568      2362.2258     -1330.3875          0.000000
SATPVT 2021 079   600.00 GPS 31    621947.6983  19301626.7549  17946326.2937     -1714.6825     -1565.7577      1781.1189          0.000000
SATPVT 2021 079   600.00 GAL  9   2918838.1551  17197958.3036  23921451.8831     -2145.3785      1070.4498      -506.7480          0.000000
SATPVT 2021 079   600.00 GAL 15   7530961.7588 -14333197.1923  24789654.9469      2074.5991      1373.6367       164.9739          0.000000
SATPVT 2021 079   600.00 GAL 18  18273095.8185 -11794043.1439  10336570.6071      2193.2893       321.0949     -2608.1569          0.000000
SATPVT 2021 079   600.00 GAL 21 -14175345.6942 -13202490.3340  22377181.8674       114.1226     -2244.1891     -1250.8171          0.000000
SATPVT 2021 079   600.00 GAL 36  25222547.7614  15437517.4353   1473587.4739       210.5992       -52.5350     -3070.7395          0.000000
SATPVT 2021 079   600.00 GEO 23 35944600000.0000 22044140000.0000         0.0000         0.0000         0.0000         0.0000          0.000000
SATPVT 2021 079   600.00 GEO 36 42003688000.0000 3674846960.0000         0.0000         0.0000         0.0000         0.0000          0.000000
SATPVT 2021 079   600.00 BDS  5  21957188.2731  36020308.7834    122881.1730         2.3559        -3.5559       -71.9960          0.000000
SATPVT 2021 079   600.00 BDS  6 -19050801.5110  22070415.0097  30740414.2077     -1110.0718       561.8980     -1132.0696          0.000000
SATPVT 2021 079   600.00 BDS  9  -2417277.4147  24509273.7744  34495441.1137     -1262.9334       -29.8574       -89.3342          0.000000
SATPVT 2021 079   600.00 BDS 11   -696910.3739 -15503526.5606  23257424.0329      2612.1558       382.8037       331.3631          0.000000
SATPVT 2021 079   600.00 BDS 12  18781130.2077  -9587959.2771  18307568.2716      2061.2140       304.7322     -1959.7582          0.000000
SATPVT 2021 079   600.00 BDS 16 -14792863.3498  22685039.2614  32365707.9835     -1218.7604       471.2963      -901.1386          0.000000
SATPVT 2021 079   600.00 BDS 19   1944552.8009  19921077.8084  19482518.7127     -1375.9733      1742.1946     -1645.0071          0.000000
SATPVT 2021 079   600.00 BDS 21  20946703.8971 -13857292.4187  12163086.6824      -752.3221      1169.7643      2634.9071          0.000000
SATPVT 2021 079   600.00 BDS 22  16211561.3694   4181423.3516  22329027.7965     -1508.2723      2055.8315       712.8487          0.000000
SATPVT 2021 079   600.00 BDS 34   9317927.6207 -14393442.5407  22015431.0836      2498.9188       295.1012      -861.7502          0.000000
SATPVT 2021 079   600.00 BDS 35  25997715.5226   7532180.7692  -6880424.2305      -792.2456        29.2187     -2959.2193          0.000000
SATPVT 2021 079   600.00 BDS 36  10034390.2971  26016587.8271   1077083.9121      -193.5954       -50.3882      3074.0373          0.000000
SATPVT 2021 079   600.00 BDS 37 -15577874.6089   4679018.3412  22687623.5503      -991.1154     -2394.4205      -184.9706          0.000000
SATPVT 2021 079   600.00 BDS 39 -12928258.3996  23641003.5854  32416088.1805     -1195.4981       548.6614      -883.7424          0.000000
SATPVT 2021 079   600.00 BDS 43 -11137702.7468 -15488862.9872  20351658.8506      2320.7289       185.6114      1413.4613          0.000000
SATPVT 2021 079   600.00 BDS 44  25326873.7420  -4833486.9360  10717611.0272      1205.7090       239.7398     -2735.9092          0.000000
SATPVT 2021 079   600.00 BDS 46  -3507085.3982  22129503.1320  16612097.4019      -825.7320     -1714.5371      2113.0235          0.000000
SATPVT 2021 079   600.00 QZS 10   7281706.9094  41183308.7362  -5425048.5256       -24.0512         4.1321         2.3062          0.000000
SATPVT 2021 079   900.00 GPS  1  21444171.3586  13133936.4367   8828901.7432       687.6828       929.0034     -2935.7677          0.000000
SATPVT 2021 079   900.00 GPS  3  14201427.9386   4986565.6593  21807172.5154      -704.8490      2694.6618      -146.0240          0.000000
SATPVT 2021 079   900.00 GPS  4  23446902.1149   3069227.5342  12156371.9787     -1443.3614       586.0663      2631.7307          0.000000
SATPVT 2021 079   900.00 GPS  6   1711024.0096 -17204084.1789  20209843.1415      1877.6292      1724.0547      1318.3808          0.000000
SATPVT 2021 079   900.00 GPS  9  25758770.8132  -6227120.9258   1883423.6565      -150.3002       359.9992      3145.9224          0.000000
SATPVT 2021 079   900.00 GPS 11  24443333.4664   9593620.2433  -2805419.8045      -427.2757       343.5985     -3064.9629          0.000000
SATPVT 2021 079   900.00 GPS 12 -12050527.9850  -9689967.6794  21364199.7442       923.3065     -2607.6090      -639.4686          0.000000
SATPVT 2021 079   900.00 GPS 17  17927832.4284 -13688526.3954  14448735.3561      1749.4943      -222.3592     -2454.7642          0.000000
SATPVT 2021 079   900.00 GPS 19  10546503.0746 -14722099.0147  19109578.1549      2470.7560      -293.3850     -1575.8761          0.000000
SATPVT 2021 079   900.00 GPS 21  21309716.4865  16215735.1395   2012600.8441       -37.5114       299.8884     -3123.4507          0.000000
SATPVT 2021 079   900.00 GPS 22  11925242.4056  14585502.9311  18984151.3100      -524.2875      2319.9263     -1450.3722          0.000000
SATPVT 2021 079   900.00 GPS 31     96894.2912  18829155.6778  18462925.8490     -1785.3683     -1583.1271      1662.3348          0.000000
SATPVT 2021 079   900.00 GAL  9   2281118.2072  17525269.1787  23752930.2390     -2105.4707      1111.1677      -616.5996          0.000000
SATPVT 2021 079   900.00 GAL 15   8158755.8241 -13928390.1273  24822008.3574      2110.0219      1324.6154        50.6915          0.000000
SATPVT 2021 079   900.00 GAL 18  18913949.7126 -11699637.6876   9541241.8220      2078.6366       308.7546     -2692.6967          0.000000
SATPVT 2021 079   900.00 GAL 21 -14149349.7157 -13870301.0461  21986543.4621        59.4410     -2207.1482     -1353.1381          0.000000
SATPVT 2021 079   900.00 GAL 36  25273858.5038  15413575.7177    551559.4660       131.0529      -106.4842     -3075.4064          0.000000
SATPVT 2021 079   900.00 GEO 23 35944600000.0000 22044140000.0000         0.0000         0.0000         0.0000         0.0000          0.000000
SATPVT 2021 079   900.00 GEO 36 42003688000.0000 3674846960.0000         0.0000         0.0000         0.0000         0.0000          0.000000
SATPVT 2021 079   900.00 BDS  5  21957879.4635  36019239.3646    101254.6299         2.2514        -3.5731       -72.1752          0.000000
SATPVT 2021 079   900.00 BDS  6 -19380093.6443  22246290.7604  30393568.1775     -1084.8534       610.4199     -1180.1513          0.000000
SATPVT 2021 079   900.00 BDS  9  -2796240.5586  24508697.6552  34460516.1134     -1263.0814        26.0150      -143.4932          0.000000
SATPVT 2021 079   900.00 BDS 11     89382.2961 -15396879.5277  23337722.9553      2628.8877       327.9866       203.8890          0.000000
SATPVT 2021 079   900.00 BDS 12  19390285.9132  -9504348.2416  17704723.1219      1999.0501       253.0750     -2058.6593          0.000000
SATPVT 2021 079   900.00 BDS 16 -15155291.4697  22834394.9649  32087663.3379     -1197.0404       524.2485      -952.4204          0.000000
SATPVT 2021 079   900.00 BDS 19   1542098.3034  20440886.5514  18973117.3995     -1306.9405      1722.3559     -1750.5360          0.000000
SATPVT 2021 079   900.00 BDS 21  20716642.4230 -13493309.2230  12943301.6705      -780.6347      1256.7583      2565.8120          0.000000
SATPVT 2021 079   900.00 BDS 22  15763271.3842   4805440.8426  22524401.6128     -1479.6859      2103.6707       589.4663          0.000000
SATPVT 2021 079   900.00 BDS 34  10063817.3405 -14312839.4845  21738806.3651      2472.8099       242.3896      -982.1591          0.000000
SATPVT 2021 079   900.00 BDS 35  25745106.6543   7541961.6595  -7762279.9710      -891.5949        36.7052     -2919.0119          0.000000
SATPVT 2021 079   900.00 BDS 36   9969908.0298  25987588.0018   1998152.0829      -236.9160      -142.6073      3065.5724          0.000000
SATPVT 2021 079   900.00 BDS 37 -15881693.5505   3964693.8843  22613444.4488     -1033.9469     -2366.9656      -309.4875          0.000000
SATPVT 2021 079   900.00 BDS 39 -13283190.7631  23813389.6341  32143223.2947     -1170.3401       600.3945      -935.2851          0.000000
SATPVT 2021 079   900.00 BDS 43 -10433956.8330 -15439440.5548  20758765.0682      2370.1436       143.4781      1300.2078          0.000000
SATPVT 2021 079   900.00 BDS 44  25675211.8016  -4766471.1571   9888232.9888      1116.0859       207.6421     -2792.5176          0.000000
SATPVT 2021 079   900.00 BDS 46  -3764056.3324  21607801.8311  17232098.7428      -887.5909     -1762.6783      2019.7508          0.000000
SATPVT 2021 079   900.00 QZS 10   7274522.1173  41184711.3220  -5423059.4098       -23.8395         5.2168        10.9540          0.000000
SATPVT 2021 079  1200.00 GPS  1  21641145.4656  13398898.3663   7940086.8324       624.6864       837.6786     -2988.7181          0.000000
SATPVT 2021 079  1200.00 GPS  3  13997429.8727   5795673.0807  21742359.7740      -654.9422      2698.3742      -285.9837          0.000000
SATPVT 2021 079  1200.00 GPS  4  23001188.4349   3252468.9947  12934039.1880     -1527.3458       636.0099      2551.8922          0.000000
SATPVT 2021 079  1200.00 GPS  6   2284267.2671 -16687176.9264  20585966.8283      1943.5165      1721.0986      1188.7179          0.000000
SATPVT 2021 079  1200.00 GPS  9  25697658.7763  -6113459.8369   2825097.4628      -256.7905       398.4288      3130.9012          0.000000
SATPVT 2021 079  1200.00 GPS 11  24299434.3428   9692665.3117  -3721879.4442      -532.0753       317.4054     -3043.7836          0.000000
SATPVT 2021 079  1200.00 GPS 12 -11781802.4644 -10470844.8873  21151539.1095       868.0445     -2597.2026      -778.0228          0.000000
SATPVT 2021 079  1200.00 GPS 17  18438627.8330 -13756992.0635  13699045.7796      1655.3088      -233.3193     -2542.4080          0.000000
SATPVT 2021 079  1200.00 GPS 19  11277707.0088 -14815218.3935  18618191.5844      2403.0933      -326.8462     -1699.4900          0.000000
SATPVT 2021 079  1200.00 GPS 21  21285617.7533  16294959.4776   1073989.0575      -123.7081       228.7949     -3132.9979          0.000000
SATPVT 2021 079  1200.00 GPS 22  11774791.5351  15274478.7993  18531379.8505      -478.9481      2272.3817     -1567.6314          0.000000
SATPVT 2021 079  1200.00 GPS 31   -449073.5196  18352300.8065  18943413.1226     -1854.0556     -1594.9941      1540.4114          0.000000
SATPVT 2021 079  1200.00 GAL  9   1655918.1196  17864376.0884  23551577.4803     -2061.9400      1149.0576      -725.5967          0.000000
SATPVT 2021 079  1200.00 GAL 15   8796564.0973 -13538693.8348  24820063.0097      2141.3364      1272.9359       -63.6582          0.000000
SATPVT 2021 079  1200.00 GAL 18  19520048.3876 -11608498.6278   8721757.7461      1961.6920       299.3324     -2769.1853          0.000000
SATPVT 2021 079  1200.00 GAL 21 -14139514.9416 -14526343.8715  21565486.3074         6.4211     -2165.7546     -1453.5854          0.000000
SATPVT 2021 079  1200.00 GAL 36  25300939.1352  15373989.6468   -371231.1718        49.1038      -156.8056     -3075.8224          0.000000
SATPVT 2021 079  1200.00 GEO 23 35944600000.0000 22044140000.0000         0.0000         0.0000         0.0000         0.0000          0.000000
SATPVT 2021 079  1200.00 GEO 36 42003688000.0000 3674846960.0000         0.0000         0.0000         0.0000         0.0000          0.000000
SATPVT 2021 079  1200.00 BDS  5  21958538.9215  36018165.0890     79579.4817         2.1444        -3.5882       -72.3200          0.000000
SATPVT 2021 079  1200.00 BDS  6 -19701502.4844  22436550.2080  30032376.0425     -1057.5249       657.7739     -1227.7064          0.000000
SATPVT 2021 079  1200.00 BDS  9  -3174882.6443  24524876.6502  34409349.7697     -1260.7934        81.8257      -197.6057          0.000000
SATPVT 2021 079  1200.00 BDS 11    879874.5239 -15306833.4859  23379723.0184      2640.1429       272.1813        76.0721          0.000000
SATPVT 2021 079  1200.00 BDS 12  19980104.7059  -9435861.2834  17072710.6302      1932.3319       203.9479     -2154.1803          0.000000
SATPVT 2021 079  1200.00 BDS 16 -15510857.6836  22999487.5423  31794300.0097     -1173.0215       576.1921     -1003.2591          0.000000
SATPVT 2021 079  1200.00 BDS 19   1160443.2900  20953986.4566  18432484.8286     -1237.3605      1697.4693     -1853.1870          0.000000
SATPVT 2021 079  1200.00 BDS 21  20478795.6706 -13103271.9563  13702150.9504      -804.2215      1343.4067      2492.4887          0.000000
SATPVT 2021 079  1200.00 BDS 22  15324124.9111   5443246.2376  22682611.0978     -1447.3493      2147.7146       465.1206          0.000000
SATPVT 2021 079  1200.00 BDS 34  10801095.4752 -14247912.1350  21426298.4810      2441.5211       190.6446     -1100.9385          0.000000
SATPVT 2021 079  1200.00 BDS 35  25462904.6226   7554631.1373  -8631350.4428      -989.4831        48.4634     -2873.9959          0.000000
SATPVT 2021 079  1200.00 BDS 36   9891869.8550  25931238.7877   2915921.2462      -283.9435      -232.6726      3052.0471          0.000000
SATPVT 2021 079  1200.00 BDS 37 -16197991.9742   3259298.0387  22501982.4840     -1074.2704     -2334.9207      -433.4889          0.000000
SATPVT 2021 079  1200.00 BDS 39 -13630238.2177  24001124.9124  31854961.3166     -1142.9404       650.9732      -986.3855          0.000000
SATPVT 2021 079  1200.00 BDS 43  -9716084.4425 -15402999.5544  21131569.2735      2414.8800        99.1111      1184.8128          0.000000
SATPVT 2021 079  1200.00 BDS 44  25996263.1147  -4708528.2273   9042560.8912      1023.8423       179.2792     -2844.5215          0.000000
SATPVT 2021 079  1200.00 BDS 46  -4039736.1129  21072376.8833  17823614.6301      -950.4104     -1806.0121      1923.1468          0.000000
SATPVT 2021 079  1200.00 QZS 10   7267407.9187  41186437.7367  -5418476.6275       -23.5807         6.2906        19.5966          0.000000
